// Jest Snapshot v1, https://goo.gl/fbAQLP

exports[`should render Button correctly 1`] = `ShallowWrapper {}`;
