// Jest Snapshot v1, https://goo.gl/fbAQLP

exports[`should render NavBar correctly 1`] = `ShallowWrapper {}`;
